== node nid002934 17:57:49Z ==
== configure (gfx942, benchmarks ON) ==
-- =================================
-- Configuring done (0.7s)
-- Generating done (19.8s)
-- Build files have been written to: /users/xyao/vkernels-61/build-hip
== build dsa_kpool_bench ==
[ 96%] Built target vkernels
[ 96%] Building HIP object meta/benchmarks/CMakeFiles/dsa_kpool_bench.dir/bench_dsa_kpool.hip.o
[100%] Linking HIP executable dsa_kpool_bench
[100%] Built target dsa_kpool_bench

== bench (MI300A) ==
=== DSA kpool-cache compress/write (AMD Instinct MI300A) ===
  device: AMD Instinct MI300A (arch 942), roof 1307 TFLOP/s bf16, 5300 GB/s HBM

=== hip::dsa_kpool_assemble (PREFILL, 1 warp/pool) ===
  npool   ps  tail  ssp   npg   warps   us(min)   us(med)   TFLOP/s      GB/s    AI  bound
      1    4    64    8    16       1     10.76     10.77    0.0006      0.41   1.5  launch
      4    4    64    8    16       4     11.00     11.01    0.0024      1.59   1.5  launch
     16    4    64    8    16      16     11.13     11.13    0.0096      6.29   1.5  launch
     64    4    64    8    16      64     11.20     11.20    0.0380     25.00   1.5  launch
    128    4    64    8    32     128     11.26     11.26    0.0757     49.75   1.5  launch
    256    4    64    8    32     256     11.37     11.37    0.1498     98.50   1.5  launch
      1    8   128   16    16       1     12.21     12.22    0.0009      0.69   1.3  launch
     16    8   128   16    16      16     12.59     12.59    0.0143     10.76   1.3  launch
     64    8   128   16    32      64     12.67     12.67    0.0569     42.80   1.3  launch
    128    8   128   16    32     128     12.73     12.73    0.1132     85.17   1.3  launch
    256    8   128   16    64     256     12.89     12.89    0.2237    168.26   1.3  launch
  Roof: 1307 TFLOP/s bf16, 5300 GB/s HBM, ridge ~247 FLOP/B

=== hip::dsa_kpool_decode_update (DECODE, 1 warp/req) ===
  batch   ps  tail  ssp  npg   warps   us(min)   us(med)   TFLOP/s      GB/s    AI  bound
      1    4    64    8   16       1     11.76     11.76    0.0006      0.41   1.4  launch
      8    4    64    8   16       8     12.04     12.05    0.0044      3.24   1.4  launch
     32    4    64    8   32      32     12.12     12.13    0.0176     12.88   1.4  launch
    128    4    64    8   64     128     12.21     12.22    0.0697     51.12   1.4  launch
    256    4    64    8  128     256     12.31     12.32    0.1383    101.42   1.4  launch
    512    4    64    8  256     512     14.76     14.77    0.2308    169.20   1.4  launch
      1    8   128   16   16       1     13.60     13.60    0.0008      0.66   1.3  launch
      8    8   128   16   16       8     13.96     13.96    0.0065      5.14   1.3  launch
     32    8   128   16   32      32     14.06     14.06    0.0256     20.43   1.3  launch
    128    8   128   16   64     128     14.14     14.14    0.1020     81.24   1.3  launch
    256    8   128   16  128     256     14.25     14.25    0.2023    161.21   1.3  launch
    512    8   128   16  256     512     16.75     16.76    0.3442    274.29   1.3  launch
  Roof: 1307 TFLOP/s bf16, 5300 GB/s HBM, ridge ~247 FLOP/B

=== hip::dsa_kpool_assemble_fp8 (PREFILL, 1 warp/pool, round_scale=1) ===
  npool   ps  tail  ssp   npg   warps   us(min)   us(med)   TFLOP/s      GB/s    AI  bound
      1    4    64    8    16       1     12.92     12.93    0.0005      0.33   1.6  launch
      4    4    64    8    16       4     12.92     12.92    0.0021      1.32   1.6  launch
     16    4    64    8    16      16     12.95     12.95    0.0082      5.25   1.6  launch
     64    4    64    8    16      64     12.95     12.95    0.0329     21.02   1.6  launch
    128    4    64    8    32     128     12.96     12.97    0.0657     41.96   1.6  launch
    256    4    64    8    32     256     13.00     13.01    0.1310     83.69   1.6  launch
      1    8   128   16    16       1     14.30     14.31    0.0008      0.58   1.3  launch
     16    8   128   16    32      16     14.36     14.36    0.0125      9.30   1.3  launch
     64    8   128   16    32      64     14.37     14.37    0.0502     37.17   1.3  launch
    128    8   128   16    64     128     14.43     14.43    0.0999     74.04   1.3  launch
    256    8   128   16    64     256     14.48     14.48    0.1992    147.60   1.3  launch
  Roof: 1307 TFLOP/s bf16, 5300 GB/s HBM, ridge ~247 FLOP/B

=== hip::dsa_kpool_decode_update_fp8 (DECODE, 1 warp/req, round_scale=1) ===
  batch   ps  tail  ssp  npg   warps   us(min)   us(med)   TFLOP/s      GB/s    AI  bound
      1    4    64    8   16       1     13.85     13.86    0.0005      0.34   1.4  launch
      8    4    64    8   16       8     13.97     13.98    0.0038      2.72   1.4  launch
     32    4    64    8   32      32     13.93     13.93    0.0153     10.93   1.4  launch
    128    4    64    8   64     128     14.01     14.01    0.0608     43.45   1.4  launch
    256    4    64    8  128     256     14.03     14.03    0.1214     86.78   1.4  launch
    512    4    64    8  256     512     16.55     16.55    0.2059    147.14   1.4  launch
      1    8   128   16   16       1     15.78     15.79    0.0007      0.56   1.3  launch
      8    8   128   16   16       8     15.93     15.93    0.0057      4.45   1.3  launch
     32    8   128   16   32      32     15.91     15.92    0.0226     17.80   1.3  launch
    128    8   128   16   64     128     15.97     15.97    0.0903     70.93   1.3  launch
    256    8   128   16  128     256     16.16     16.16    0.1785    140.24   1.3  launch
    512    8   128   16  256     512     18.51     18.52    0.3115    244.77   1.3  launch
  Roof: 1307 TFLOP/s bf16, 5300 GB/s HBM, ridge ~247 FLOP/B
===== DONE 17:58:50Z rc=0 =====
