== nvcc ==
Build cuda_12.6.r12.6/compiler.34841621_0

== compile device TUs (as CUDA via HIP compat shim) ==
== compile host oracle (plain C++) ==
== link ==

== device correctness (device kernels vs host oracle) ==
GPU: NVIDIA A100-SXM4-80GB (arch=NVIDIA A100-SXM4-80GB)

=== PREFILL (dsa_kpool_assemble) ===
  PRE  np=1  ps=1  ts=64  ssp=8  npg=16 nc=32 nr=1   out[a=0.0000 r=0.000000]  PASS
  PRE  np=4  ps=4  ts=64  ssp=8  npg=16 nc=32 nr=2   out[a=0.0058 r=0.003798]  PASS
  PRE  np=8  ps=4  ts=64  ssp=8  npg=16 nc=48 nr=2   out[a=0.0063 r=0.003798]  PASS
  PRE  np=4  ps=8  ts=64  ssp=8  npg=16 nc=64 nr=3   out[a=0.0038 r=0.003518]  PASS
  PRE  np=4  ps=8  ts=128 ssp=16 npg=8  nc=32 nr=2   out[a=0.0043 r=0.003707]  PASS
  PRE  np=2  ps=4  ts=64  ssp=8  npg=16 nc=32 nr=1   out[a=0.0038 r=0.003349]  PASS
  PRE  np=16 ps=4  ts=64  ssp=8  npg=16 nc=96 nr=4   out[a=0.0072 r=0.003840]  PASS

=== DECODE (dsa_kpool_decode_update) ===
  DEC  bs=4  ps=4  ts=64  ssp=8  btc=8  nr=4  npg=32  out[a=0.0065 r=0.003393] tk[r=0.00e+00] ts[r=0.00e+00]  PASS
  DEC  bs=8  ps=4  ts=64  ssp=8  btc=8  nr=8  npg=32  out[a=0.0065 r=0.003393] tk[r=0.00e+00] ts[r=0.00e+00]  PASS
  DEC  bs=4  ps=8  ts=64  ssp=8  btc=8  nr=4  npg=32  out[a=0.0039 r=0.003361] tk[r=0.00e+00] ts[r=0.00e+00]  PASS
  DEC  bs=4  ps=8  ts=128 ssp=16 btc=16 nr=4  npg=64  out[a=0.0039 r=0.003361] tk[r=0.00e+00] ts[r=0.00e+00]  PASS
  DEC  bs=2  ps=4  ts=64  ssp=8  btc=8  nr=2  npg=8   out[a=0.0065 r=0.003393] tk[r=0.00e+00] ts[r=0.00e+00]  PASS
  DEC  bs=16 ps=4  ts=64  ssp=8  btc=8  nr=16 npg=32  out[a=0.0070 r=0.003496] tk[r=0.00e+00] ts[r=0.00e+00]  PASS
  DEC  bs=8  ps=8  ts=128 ssp=16 btc=16 nr=8  npg=64  out[a=0.0039 r=0.003361] tk[r=0.00e+00] ts[r=0.00e+00]  PASS

PASS (0 failure(s))

== benchmark ==
=== DSA kpool-cache compress/write (gfx942) ===
  device: NVIDIA A100-SXM4-80GB (arch 80), roof 20 TFLOP/s fp32, 2039 GB/s HBM

=== hip::dsa_kpool_assemble (PREFILL, 1 warp/pool) ===
  npool   ps  tail  ssp   npg   warps   us(min)   us(med)   TFLOP/s      GB/s    AI  bound
      1    4    64    8    16       1      6.02      6.02    0.0011      0.73   1.5  launch
      4    4    64    8    16       4      6.64      6.65    0.0040      2.63   1.5  launch
     16    4    64    8    16      16      7.05      7.06    0.0151      9.92   1.5  launch
     64    4    64    8    16      64      7.06      7.06    0.0603     39.67   1.5  launch
    128    4    64    8    32     128      7.32      7.32    0.1163     76.48   1.5  launch
    256    4    64    8    32     256      7.97      7.97    0.2137    140.49   1.5  launch
      1    8   128   16    16       1      7.05      7.06    0.0016      1.20   1.3  launch
     16    8   128   16    16      16      8.86      8.87    0.0203     15.28   1.3  launch
     64    8   128   16    32      64      8.87      8.88    0.0812     61.09   1.3  launch
    128    8   128   16    32     128      9.13      9.14    0.1578    118.70   1.3  launch
    256    8   128   16    64     256      9.90      9.90    0.2911    218.97   1.3  mem
  Roof: 20 TFLOP/s fp32, 2039 GB/s HBM, ridge ~10 FLOP/B

=== hip::dsa_kpool_decode_update (DECODE, 1 warp/req) ===
  batch   ps  tail  ssp  npg   warps   us(min)   us(med)   TFLOP/s      GB/s    AI  bound
      1    4    64    8   16       1      8.61      8.62    0.0008      0.57   1.4  launch
      8    4    64    8   16       8      8.87      8.88    0.0060      4.40   1.4  launch
     32    4    64    8   32      32      9.13      9.14    0.0233     17.09   1.4  launch
    128    4    64    8   64     128      9.35      9.38    0.0908     66.59   1.4  launch
    256    4    64    8  128     256      9.85      9.87    0.1726    126.52   1.4  launch
    512    4    64    8  256     512     12.06     12.07    0.2824    207.05   1.4  mem
      1    8   128   16   16       1     11.47     11.48    0.0010      0.78   1.3  launch
      8    8   128   16   16       8     11.98     11.99    0.0075      5.99   1.3  launch
     32    8   128   16   32      32     12.24     12.25    0.0294     23.45   1.3  launch
    128    8   128   16   64     128     12.51     12.51    0.1152     91.82   1.3  launch
    256    8   128   16  128     256     13.29     13.29    0.2169    172.84   1.3  launch
    512    8   128   16  256     512     15.65     15.66    0.3684    293.54   1.3  mem
  Roof: 20 TFLOP/s fp32, 2039 GB/s HBM, ridge ~10 FLOP/B

===== DONE
