== rebuild dsa_kpool_bench (nvcc) 17:57:20Z ==
[ 95%] Built target vkernels
[ 95%] Building CUDA object meta/benchmarks/CMakeFiles/dsa_kpool_bench.dir/bench_dsa_kpool.hip.o
[100%] Linking CUDA device code CMakeFiles/dsa_kpool_bench.dir/cmake_device_link.o
[100%] Linking CXX executable dsa_kpool_bench
[100%] Built target dsa_kpool_bench

== bench (A100) ==
=== DSA kpool-cache compress/write (NVIDIA A100-SXM4-80GB) ===
  device: NVIDIA A100-SXM4-80GB (arch 80), roof 20 TFLOP/s fp32, 2039 GB/s HBM

=== hip::dsa_kpool_assemble (PREFILL, 1 warp/pool) ===
  npool   ps  tail  ssp   npg   warps   us(min)   us(med)   TFLOP/s      GB/s    AI  bound
      1    4    64    8    16       1      6.76      7.42    0.0009      0.59   1.5  launch
      4    4    64    8    16       4      7.11      7.11    0.0037      2.46   1.5  launch
     16    4    64    8    16      16      7.56      7.56    0.0141      9.26   1.5  launch
     64    4    64    8    16      64      7.56      7.57    0.0563     37.02   1.5  launch
    128    4    64    8    32     128      7.79      7.80    0.1093     71.84   1.5  launch
    256    4    64    8    32     256      8.48      8.49    0.2007    131.97   1.5  launch
      1    8   128   16    16       1      7.79      7.79    0.0014      1.09   1.3  launch
     16    8   128   16    16      16      9.17      9.17    0.0196     14.78   1.3  launch
     64    8   128   16    32      64      9.38      9.39    0.0768     57.76   1.3  launch
    128    8   128   16    32     128      9.61      9.62    0.1499    112.77   1.3  launch
    256    8   128   16    64     256     10.37     10.37    0.2781    209.14   1.3  mem
  Roof: 20 TFLOP/s fp32, 2039 GB/s HBM, ridge ~10 FLOP/B

=== hip::dsa_kpool_decode_update (DECODE, 1 warp/req) ===
  batch   ps  tail  ssp  npg   warps   us(min)   us(med)   TFLOP/s      GB/s    AI  bound
      1    4    64    8   16       1      9.84      9.85    0.0007      0.50   1.4  launch
      8    4    64    8   16       8     10.07     10.08    0.0053      3.87   1.4  launch
     32    4    64    8   32      32     10.30     10.30    0.0207     15.16   1.4  launch
    128    4    64    8   64     128     10.53     10.53    0.0809     59.30   1.4  launch
    256    4    64    8  128     256     10.92     10.93    0.1559    114.31   1.4  launch
    512    4    64    8  256     512     12.61     12.61    0.2702    198.13   1.4  launch
      1    8   128   16   16       1     13.02     13.03    0.0009      0.69   1.3  launch
      8    8   128   16   16       8     13.40     13.40    0.0067      5.36   1.3  launch
     32    8   128   16   32      32     13.61     13.62    0.0265     21.08   1.3  launch
    128    8   128   16   64     128     13.79     13.80    0.1045     83.26   1.3  launch
    256    8   128   16  128     256     14.42     14.43    0.1998    159.24   1.3  launch
    512    8   128   16  256     512     16.31     16.32    0.3534    281.65   1.3  mem
  Roof: 20 TFLOP/s fp32, 2039 GB/s HBM, ridge ~10 FLOP/B

=== hip::dsa_kpool_assemble_fp8 (PREFILL, 1 warp/pool, round_scale=1) ===
  npool   ps  tail  ssp   npg   warps   us(min)   us(med)   TFLOP/s      GB/s    AI  bound
      1    4    64    8    16       1      8.93      8.93    0.0007      0.48   1.6  launch
      4    4    64    8    16       4      9.31      9.32    0.0029      1.83   1.6  launch
     16    4    64    8    16      16      9.83      9.84    0.0108      6.92   1.6  launch
     64    4    64    8    16      64      9.84      9.84    0.0433     27.65   1.6  launch
    128    4    64    8    32     128      9.73      9.75    0.0874     55.84   1.6  launch
    256    4    64    8    32     256     10.30     10.31    0.1653    105.59   1.6  launch
      1    8   128   16    16       1     10.06     10.06    0.0011      0.83   1.3  launch
     16    8   128   16    32      16     11.37     11.38    0.0158     11.74   1.3  launch
     64    8   128   16    32      64     11.57     11.58    0.0622     46.12   1.3  launch
    128    8   128   16    64     128     11.59     11.60    0.1243     92.15   1.3  launch
    256    8   128   16    64     256     12.35     12.36    0.2333    172.92   1.3  launch
  Roof: 20 TFLOP/s fp32, 2039 GB/s HBM, ridge ~10 FLOP/B

=== hip::dsa_kpool_decode_update_fp8 (DECODE, 1 warp/req, round_scale=1) ===
  batch   ps  tail  ssp  npg   warps   us(min)   us(med)   TFLOP/s      GB/s    AI  bound
      1    4    64    8   16       1     12.22     12.23    0.0005      0.39   1.4  launch
      8    4    64    8   16       8     12.48     12.48    0.0043      3.05   1.4  launch
     32    4    64    8   32      32     12.68     12.68    0.0168     12.00   1.4  launch
    128    4    64    8   64     128     12.80     12.80    0.0666     47.56   1.4  launch
    256    4    64    8  128     256     13.26     13.26    0.1285     91.81   1.4  launch
    512    4    64    8  256     512     14.74     14.75    0.2310    165.09   1.4  launch
      1    8   128   16   16       1     15.51     15.52    0.0007      0.57   1.3  launch
      8    8   128   16   16       8     15.97     15.97    0.0056      4.43   1.3  launch
     32    8   128   16   32      32     15.97     15.98    0.0226     17.73   1.3  launch
    128    8   128   16   64     128     16.21     16.21    0.0889     69.89   1.3  launch
    256    8   128   16  128     256     16.83     16.84    0.1712    134.58   1.3  launch
    512    8   128   16  256     512     18.50     18.50    0.3117    244.96   1.3  mem
  Roof: 20 TFLOP/s fp32, 2039 GB/s HBM, ridge ~10 FLOP/B
===== DONE 17:57:55Z rc=0 =====
