device=NVIDIA H100 NVL cc=9.0 torch=2.13.0a0+9186a08b2c.nv26.07 triton=3.7.1

==== bf16 dense family, M in {1,2,4,8} ====
bf16 (  2048,  4096) x102 cuBLAS     7.47 us    2248 GB/s
  bf16 m=1 (  2048,  4096) BEST (4, 4096, 4)     4.00 us    4202 GB/s   cuBLAS     7.47 us  GEMV
  bf16 m=2 (  2048,  4096) BEST (8, 4096, 4)     6.86 us    2448 GB/s   cuBLAS     7.37 us  GEMV
  bf16 m=4 (  2048,  4096) BEST (4, 2048, 2)     8.95 us    1880 GB/s   cuBLAS     7.32 us  cuBLAS
  bf16 m=8 (  2048,  4096) BEST (8, 2048, 4)    13.63 us    1238 GB/s   cuBLAS     7.37 us  cuBLAS
bf16 (    16,  4096) x 34 cuBLAS     5.85 us      24 GB/s
  bf16 m=1 (    16,  4096) BEST (1, 4096, 8)     1.57 us      89 GB/s   cuBLAS     5.85 us  GEMV
  bf16 m=2 (    16,  4096) BEST (1, 4096, 4)     2.02 us      73 GB/s   cuBLAS     5.84 us  GEMV
  bf16 m=4 (    16,  4096) BEST (1, 4096, 4)     2.37 us      69 GB/s   cuBLAS     5.88 us  GEMV
  bf16 m=8 (    16,  4096) BEST (1, 4096, 8)     3.01 us      65 GB/s   cuBLAS     5.90 us  GEMV
bf16 (   128,  4096) x 45 cuBLAS     5.93 us     178 GB/s
  bf16 m=1 (   128,  4096) BEST (1, 4096, 8)     1.94 us     545 GB/s   cuBLAS     5.93 us  GEMV
  bf16 m=2 (   128,  4096) BEST (1, 4096, 4)     2.32 us     458 GB/s   cuBLAS     5.95 us  GEMV
  bf16 m=4 (   128,  4096) BEST (1, 4096, 4)     2.93 us     370 GB/s   cuBLAS     5.97 us  GEMV
  bf16 m=8 (   128,  4096) BEST (1, 4096, 8)     3.68 us     304 GB/s   cuBLAS     5.97 us  GEMV
bf16 (  2048,   128) x 68 cuBLAS     2.54 us     208 GB/s
  bf16 m=1 (  2048,   128) BEST (8, 64, 4)     1.54 us     344 GB/s   cuBLAS     2.54 us  GEMV
  bf16 m=2 (  2048,   128) BEST (4, 128, 2)     2.05 us     260 GB/s   cuBLAS     2.55 us  GEMV
  bf16 m=4 (  2048,   128) BEST (8, 128, 2)     2.43 us     223 GB/s   cuBLAS     2.54 us  GEMV
  bf16 m=8 (  2048,   128) BEST (4, 128, 2)     3.09 us     181 GB/s   cuBLAS     2.55 us  cuBLAS
bf16 (  4096,  2048) x 34 cuBLAS     5.72 us    2933 GB/s
  bf16 m=1 (  4096,  2048) BEST (8, 256, 4)     3.85 us    4366 GB/s   cuBLAS     5.72 us  GEMV
  bf16 m=2 (  4096,  2048) BEST (4, 2048, 2)     6.76 us    2484 GB/s   cuBLAS     5.57 us  cuBLAS
  bf16 m=4 (  4096,  2048) BEST (8, 2048, 2)     8.72 us    1929 GB/s   cuBLAS     5.50 us  cuBLAS
  bf16 m=8 (  4096,  2048) BEST (8, 1024, 2)    13.60 us    1241 GB/s   cuBLAS     5.48 us  cuBLAS
bf16 (  4096,  1536) x 11 cuBLAS     4.89 us    2574 GB/s
  bf16 m=1 (  4096,  1536) BEST (4, 2048, 8)     3.56 us    3537 GB/s   cuBLAS     4.89 us  GEMV
  bf16 m=2 (  4096,  1536) BEST (4, 2048, 2)     6.18 us    2040 GB/s   cuBLAS     4.83 us  cuBLAS
  bf16 m=4 (  4096,  1536) BEST (8, 2048, 2)     8.33 us    1515 GB/s   cuBLAS     4.80 us  cuBLAS
  bf16 m=8 (  4096,  1536) BEST (8, 2048, 4)    12.89 us     983 GB/s   cuBLAS     4.76 us  cuBLAS
bf16 (    32,  4096) x 11 cuBLAS     5.89 us      46 GB/s
  bf16 m=1 (    32,  4096) BEST (1, 4096, 8)     1.58 us     171 GB/s   cuBLAS     5.89 us  GEMV
  bf16 m=2 (    32,  4096) BEST (1, 4096, 4)     2.04 us     136 GB/s   cuBLAS     5.89 us  GEMV
  bf16 m=4 (    32,  4096) BEST (1, 4096, 4)     2.44 us     121 GB/s   cuBLAS     5.91 us  GEMV
  bf16 m=8 (    32,  4096) BEST (1, 4096, 8)     3.09 us     106 GB/s   cuBLAS     5.94 us  GEMV
bf16 (    24, 16384) x 90 cuBLAS     6.12 us     134 GB/s
  bf16 m=1 (    24, 16384) BEST (1, 16384, 8)     2.26 us     362 GB/s   cuBLAS     6.12 us  GEMV
  bf16 m=2 (    24, 16384) BEST (1, 16384, 8)     3.30 us     259 GB/s   cuBLAS     6.13 us  GEMV
  bf16 m=4 (    24, 16384) BEST (1, 16384, 8)     4.38 us     210 GB/s   cuBLAS     6.22 us  GEMV
  bf16 m=8 (    24, 16384) BEST (1, 8192, 8)     7.87 us     133 GB/s   cuBLAS     6.37 us  cuBLAS
bf16 (  1024,  1536) x 11 cuBLAS     4.61 us     683 GB/s
  bf16 m=1 (  1024,  1536) BEST (4, 2048, 8)     2.14 us    1472 GB/s   cuBLAS     4.61 us  GEMV
  bf16 m=2 (  1024,  1536) BEST (4, 2048, 2)     2.83 us    1117 GB/s   cuBLAS     4.63 us  GEMV
  bf16 m=4 (  1024,  1536) BEST (4, 2048, 2)     3.58 us     884 GB/s   cuBLAS     4.62 us  GEMV
  bf16 m=8 (  1024,  1536) BEST (4, 2048, 4)     4.87 us     654 GB/s   cuBLAS     4.62 us  cuBLAS
bf16 (     8,  4096) x 11 cuBLAS     5.88 us      13 GB/s
  bf16 m=1 (     8,  4096) BEST (1, 4096, 8)     1.54 us      48 GB/s   cuBLAS     5.88 us  GEMV
  bf16 m=2 (     8,  4096) BEST (1, 4096, 4)     2.01 us      41 GB/s   cuBLAS     5.86 us  GEMV
  bf16 m=4 (     8,  4096) BEST (1, 4096, 4)     2.36 us      42 GB/s   cuBLAS     5.88 us  GEMV
  bf16 m=8 (     8,  4096) BEST (1, 4096, 8)     3.00 us      44 GB/s   cuBLAS     5.84 us  GEMV
bf16 ( 38720,  4096) x  1 cuBLAS    93.09 us    3408 GB/s
  bf16 m=1 ( 38720,  4096) BEST (1, 4096, 8)    86.11 us    3685 GB/s   cuBLAS    93.09 us  GEMV
  bf16 m=2 ( 38720,  4096) BEST (8, 4096, 4)   102.27 us    3103 GB/s   cuBLAS    94.32 us  cuBLAS
  bf16 m=4 ( 38720,  4096) BEST (8, 4096, 4)   125.32 us    2534 GB/s   cuBLAS    93.77 us  cuBLAS
  bf16 m=8 ( 38720,  4096) BEST (8, 2048, 4)   217.79 us    1460 GB/s   cuBLAS    93.71 us  cuBLAS
bf16 (  8192,   512) x  0 cuBLAS     3.97 us    2117 GB/s
  bf16 m=1 (  8192,   512) BEST (8, 256, 4)     2.80 us    3003 GB/s   cuBLAS     3.97 us  GEMV
  bf16 m=2 (  8192,   512) BEST (4, 512, 2)     4.79 us    1759 GB/s   cuBLAS     4.13 us  cuBLAS
  bf16 m=4 (  8192,   512) BEST (8, 512, 2)     6.41 us    1319 GB/s   cuBLAS     3.81 us  cuBLAS
  bf16 m=8 (  8192,   512) BEST (8, 512, 2)     9.76 us     873 GB/s   cuBLAS     3.57 us  cuBLAS
bf16 (  3072,  4096) x  0 cuBLAS    10.01 us    2516 GB/s
  bf16 m=1 (  3072,  4096) BEST (4, 4096, 4)     5.10 us    4938 GB/s   cuBLAS    10.01 us  GEMV
  bf16 m=2 (  3072,  4096) BEST (4, 2048, 2)     9.05 us    2784 GB/s   cuBLAS     9.85 us  GEMV
  bf16 m=4 (  3072,  4096) BEST (4, 4096, 4)    12.68 us    1990 GB/s   cuBLAS     9.84 us  cuBLAS
  bf16 m=8 (  3072,  4096) BEST (4, 1024, 2)    20.33 us    1243 GB/s   cuBLAS     8.57 us  cuBLAS
bf16 (  4096,  3072) x  0 cuBLAS     7.60 us    3313 GB/s
  bf16 m=1 (  4096,  3072) BEST (8, 4096, 4)     5.26 us    4791 GB/s   cuBLAS     7.60 us  GEMV
  bf16 m=2 (  4096,  3072) BEST (4, 1024, 2)     9.59 us    2628 GB/s   cuBLAS     7.09 us  cuBLAS
  bf16 m=4 (  4096,  3072) BEST (8, 1024, 2)    13.09 us    1926 GB/s   cuBLAS     7.07 us  cuBLAS
  bf16 m=8 (  4096,  3072) BEST (8, 1024, 2)    18.79 us    1346 GB/s   cuBLAS     7.06 us  cuBLAS
bf16 (  6144,  4096) x  0 cuBLAS    15.06 us    3343 GB/s
  bf16 m=1 (  6144,  4096) BEST (8, 4096, 4)    10.89 us    4624 GB/s   cuBLAS    15.06 us  GEMV
  bf16 m=2 (  6144,  4096) BEST (4, 4096, 4)    19.08 us    2641 GB/s   cuBLAS    15.36 us  cuBLAS
  bf16 m=4 (  6144,  4096) BEST (8, 1024, 2)    24.00 us    2101 GB/s   cuBLAS    14.85 us  cuBLAS
  bf16 m=8 (  6144,  4096) BEST (8, 2048, 4)    39.73 us    1271 GB/s   cuBLAS    15.35 us  cuBLAS

==== fp8 block-scale dense family, M in {1,2,4,8} ====
fp8  (  1536,  4096) x 11 cuBLAS(deq)     7.16 us     880 GB/s
  fp8  m=1 (  1536,  4096) BEST (4, 4096, 4)     4.29 us    1469 GB/s   cuBLAS(deq)     7.16 us  GEMV
  fp8  m=2 (  1536,  4096) BEST (4, 4096, 4)     5.32 us    1188 GB/s   cuBLAS(deq)     6.90 us  GEMV
  fp8  m=4 (  1536,  4096) BEST (2, 2048, 2)     7.75 us     818 GB/s   cuBLAS(deq)     6.85 us  cuBLAS
  fp8  m=8 (  1536,  4096) BEST (4, 2048, 4)    10.92 us     585 GB/s   cuBLAS(deq)     6.53 us  cuBLAS
fp8  (  4096,  1536) x 11 cuBLAS(deq)     4.80 us    1313 GB/s
  fp8  m=1 (  4096,  1536) BEST (4, 2048, 2)     4.82 us    1307 GB/s   cuBLAS(deq)     4.80 us  cuBLAS
  fp8  m=2 (  4096,  1536) BEST (8, 2048, 2)     6.44 us     981 GB/s   cuBLAS(deq)     4.81 us  cuBLAS
  fp8  m=4 (  4096,  1536) BEST (8, 2048, 2)     8.59 us     738 GB/s   cuBLAS(deq)     4.77 us  cuBLAS
  fp8  m=8 (  4096,  1536) BEST (8, 2048, 4)    13.48 us     473 GB/s   cuBLAS(deq)     4.75 us  cuBLAS
fp8  (   512,  4096) x 84 cuBLAS(deq)     6.16 us     342 GB/s
  fp8  m=1 (   512,  4096) BEST (2, 4096, 8)     2.73 us     773 GB/s   cuBLAS(deq)     6.16 us  GEMV
  fp8  m=2 (   512,  4096) BEST (4, 4096, 8)     3.20 us     662 GB/s   cuBLAS(deq)     6.21 us  GEMV
  fp8  m=4 (   512,  4096) BEST (2, 4096, 4)     3.86 us     553 GB/s   cuBLAS(deq)     6.26 us  GEMV
  fp8  m=8 (   512,  4096) BEST (4, 4096, 8)     5.23 us     415 GB/s   cuBLAS(deq)     6.35 us  GEMV
fp8  (  4096,  4096) x 11 cuBLAS(deq)    10.96 us    1532 GB/s
  fp8  m=1 (  4096,  4096) BEST (4, 2048, 2)     8.34 us    2014 GB/s   cuBLAS(deq)    10.96 us  GEMV
  fp8  m=2 (  4096,  4096) BEST (4, 4096, 4)    11.36 us    1480 GB/s   cuBLAS(deq)    10.28 us  cuBLAS
  fp8  m=4 (  4096,  4096) BEST (8, 2048, 2)    15.82 us    1065 GB/s   cuBLAS(deq)    10.28 us  cuBLAS
  fp8  m=8 (  4096,  4096) BEST (8, 2048, 4)    26.07 us     649 GB/s   cuBLAS(deq)     9.36 us  cuBLAS
fp8  (  4096,   512) x 42 cuBLAS(deq)     3.35 us     628 GB/s
  fp8  m=1 (  4096,   512) BEST (8, 512, 2)     2.67 us     790 GB/s   cuBLAS(deq)     3.35 us  GEMV
  fp8  m=2 (  4096,   512) BEST (4, 512, 2)     3.18 us     665 GB/s   cuBLAS(deq)     3.34 us  GEMV
  fp8  m=4 (  4096,   512) BEST (8, 512, 2)     3.90 us     547 GB/s   cuBLAS(deq)     3.27 us  cuBLAS
  fp8  m=8 (  4096,   512) BEST (8, 512, 2)     5.77 us     377 GB/s   cuBLAS(deq)     3.28 us  cuBLAS
fp8  (  3072,  4096) x  6 cuBLAS(deq)     9.72 us    1296 GB/s
  fp8  m=1 (  3072,  4096) BEST (4, 2048, 2)     6.89 us    1828 GB/s   cuBLAS(deq)     9.72 us  GEMV
  fp8  m=2 (  3072,  4096) BEST (4, 2048, 2)     8.46 us    1492 GB/s   cuBLAS(deq)    10.26 us  GEMV
  fp8  m=4 (  3072,  4096) BEST (8, 2048, 4)    12.24 us    1033 GB/s   cuBLAS(deq)     9.51 us  cuBLAS
  fp8  m=8 (  3072,  4096) BEST (4, 1024, 2)    19.99 us     635 GB/s   cuBLAS(deq)     8.90 us  cuBLAS
fp8  (  4096,  3072) x  3 cuBLAS(deq)     7.17 us    1758 GB/s
  fp8  m=1 (  4096,  3072) BEST (4, 1024, 2)     7.09 us    1776 GB/s   cuBLAS(deq)     7.17 us  GEMV
  fp8  m=2 (  4096,  3072) BEST (4, 1024, 2)     9.29 us    1357 GB/s   cuBLAS(deq)     7.09 us  cuBLAS
  fp8  m=4 (  4096,  3072) BEST (8, 1024, 2)    12.77 us     990 GB/s   cuBLAS(deq)     7.06 us  cuBLAS
  fp8  m=8 (  4096,  3072) BEST (8, 1024, 2)    20.22 us     628 GB/s   cuBLAS(deq)     7.06 us  cuBLAS

[sweep done in 1664s; 6484 timings -> /ws/m8_sweep_results.json]
confirm on NVIDIA H100 NVL torch=2.13.0a0+9186a08b2c.nv26.07
  bf16 m=1 (     8,  4096) cublas                 median     5.99 us      12 GB/s
  bf16 m=1 (     8,  4096) default                median     1.68 us      44 GB/s
  bf16 m=2 (     8,  4096) cublas                 median     5.97 us      14 GB/s
  bf16 m=2 (     8,  4096) default                median     2.15 us      38 GB/s
  bf16 m=4 (     8,  4096) cublas                 median     6.01 us      16 GB/s
  bf16 m=4 (     8,  4096) default                median     2.50 us      39 GB/s
  bf16 m=8 (     8,  4096) cublas                 median     5.95 us      22 GB/s
  bf16 m=8 (     8,  4096) default                median     3.19 us      41 GB/s
  bf16 m=1 (    16,  4096) cublas                 median     5.97 us      23 GB/s
  bf16 m=1 (    16,  4096) default                median     1.71 us      82 GB/s
  bf16 m=2 (    16,  4096) cublas                 median     5.97 us      25 GB/s
  bf16 m=2 (    16,  4096) default                median     2.16 us      68 GB/s
  bf16 m=4 (    16,  4096) cublas                 median     6.01 us      27 GB/s
  bf16 m=4 (    16,  4096) default                median     2.51 us      65 GB/s
  bf16 m=8 (    16,  4096) cublas                 median     6.02 us      33 GB/s
  bf16 m=8 (    16,  4096) default                median     3.20 us      62 GB/s
  bf16 m=1 (    24, 16384) cublas                 median     6.45 us     127 GB/s
  bf16 m=1 (    24, 16384) default                median     2.40 us     342 GB/s
  bf16 m=2 (    24, 16384) cublas                 median     6.46 us     132 GB/s
  bf16 m=2 (    24, 16384) default                median     5.59 us     152 GB/s
  bf16 m=4 (    24, 16384) cublas                 median     6.36 us     144 GB/s
  bf16 m=4 (    24, 16384) default                median     6.43 us     143 GB/s
  bf16 m=8 (    24, 16384) cublas                 median     6.39 us     164 GB/s
  bf16 m=8 (    24, 16384) default                median     9.67 us     109 GB/s
  bf16 m=1 (    32,  4096) cublas                 median     5.98 us      45 GB/s
  bf16 m=1 (    32,  4096) default                median     1.72 us     157 GB/s
  bf16 m=2 (    32,  4096) cublas                 median     5.97 us      47 GB/s
  bf16 m=2 (    32,  4096) default                median     2.18 us     128 GB/s
  bf16 m=4 (    32,  4096) cublas                 median     6.00 us      49 GB/s
  bf16 m=4 (    32,  4096) default                median     2.56 us     115 GB/s
  bf16 m=8 (    32,  4096) cublas                 median     6.02 us      54 GB/s
  bf16 m=8 (    32,  4096) default                median     3.27 us     100 GB/s
  bf16 m=1 (   128,  4096) cublas                 median     6.06 us     175 GB/s
  bf16 m=1 (   128,  4096) default                median     2.06 us     514 GB/s
  bf16 m=2 (   128,  4096) cublas                 median     6.06 us     176 GB/s
  bf16 m=2 (   128,  4096) default                median     2.51 us     425 GB/s
  bf16 m=4 (   128,  4096) cublas                 median     6.09 us     178 GB/s
  bf16 m=4 (   128,  4096) default                median     3.10 us     349 GB/s
  bf16 m=8 (   128,  4096) cublas                 median     6.10 us     183 GB/s
  bf16 m=8 (   128,  4096) default                median     3.86 us     289 GB/s
  fp8  m=1 (   512,  4096) cublas                 median     6.31 us     334 GB/s
  fp8  m=1 (   512,  4096) default                median     2.91 us     724 GB/s
  fp8  m=1 (   512,  4096) pin0:2,4096,8          median     2.86 us     737 GB/s
  fp8  m=1 (   512,  4096) pin1:2,4096,4          median     2.91 us     723 GB/s
  fp8  m=1 (   512,  4096) pin2:4,4096,8          median     2.95 us     713 GB/s
  fp8  m=2 (   512,  4096) cublas                 median     6.36 us     333 GB/s
  fp8  m=2 (   512,  4096) default                median     3.60 us     588 GB/s
  fp8  m=2 (   512,  4096) pin0:4,4096,8          median     3.33 us     635 GB/s
  fp8  m=2 (   512,  4096) pin1:4,4096,4          median     3.38 us     627 GB/s
  fp8  m=2 (   512,  4096) pin2:2,4096,4          median     3.48 us     609 GB/s
  fp8  m=4 (   512,  4096) cublas                 median     6.44 us     332 GB/s
  fp8  m=4 (   512,  4096) default                median     4.31 us     495 GB/s
  fp8  m=4 (   512,  4096) pin0:2,4096,4          median     4.00 us     534 GB/s
  fp8  m=4 (   512,  4096) pin1:4,4096,4          median     4.22 us     506 GB/s
  fp8  m=4 (   512,  4096) pin2:2,4096,8          median     4.27 us     500 GB/s
  fp8  m=8 (   512,  4096) cublas                 median     6.46 us     336 GB/s
  fp8  m=8 (   512,  4096) default                median     7.33 us     296 GB/s
  fp8  m=8 (   512,  4096) pin0:4,4096,8          median     5.36 us     405 GB/s
  fp8  m=8 (   512,  4096) pin1:2,4096,4          median     5.51 us     394 GB/s
  fp8  m=8 (   512,  4096) pin2:4,2048,4          median     6.22 us     349 GB/s
  bf16 m=1 (  1024,  1536) cublas                 median     4.74 us     665 GB/s
  bf16 m=1 (  1024,  1536) default                median     2.60 us    1213 GB/s
  bf16 m=2 (  1024,  1536) cublas                 median     4.76 us     664 GB/s
  bf16 m=2 (  1024,  1536) default                median     3.85 us     820 GB/s
  bf16 m=4 (  1024,  1536) cublas                 median     4.75 us     667 GB/s
  bf16 m=4 (  1024,  1536) default                median     5.05 us     627 GB/s
  bf16 m=8 (  1024,  1536) cublas                 median     4.76 us     669 GB/s
  bf16 m=8 (  1024,  1536) default                median     7.96 us     400 GB/s
  fp8  m=1 (  1536,  4096) cublas                 median     7.10 us     888 GB/s
  fp8  m=1 (  1536,  4096) default                median     4.50 us    1401 GB/s
  fp8  m=1 (  1536,  4096) pin0:4,4096,4          median     4.45 us    1417 GB/s
  fp8  m=1 (  1536,  4096) pin1:4,4096,8          median     4.58 us    1378 GB/s
  fp8  m=1 (  1536,  4096) pin2:2,4096,2          median     4.74 us    1330 GB/s
  fp8  m=2 (  1536,  4096) cublas                 median     7.21 us     876 GB/s
  fp8  m=2 (  1536,  4096) default                median     5.57 us    1134 GB/s
  fp8  m=2 (  1536,  4096) pin0:4,4096,4          median     5.52 us    1144 GB/s
  fp8  m=2 (  1536,  4096) pin1:4,2048,4          median     5.84 us    1082 GB/s
  fp8  m=2 (  1536,  4096) pin2:4,2048,2          median     6.26 us    1009 GB/s
  fp8  m=4 (  1536,  4096) cublas                 median     7.05 us     900 GB/s
  fp8  m=4 (  1536,  4096) default                median     9.71 us     652 GB/s
  fp8  m=4 (  1536,  4096) pin0:2,2048,2          median     7.96 us     796 GB/s
  fp8  m=4 (  1536,  4096) pin1:2,4096,4          median     8.08 us     784 GB/s
  fp8  m=4 (  1536,  4096) pin2:4,2048,2          median     8.19 us     774 GB/s
  fp8  m=8 (  1536,  4096) cublas                 median     6.83 us     934 GB/s
  fp8  m=8 (  1536,  4096) default                median    16.72 us     382 GB/s
  fp8  m=8 (  1536,  4096) pin0:4,2048,4          median    11.16 us     572 GB/s
  fp8  m=8 (  1536,  4096) pin1:2,4096,4          median    13.33 us     479 GB/s
  fp8  m=8 (  1536,  4096) pin2:4,1024,2          median    13.33 us     479 GB/s
  bf16 m=1 (  2048,   128) cublas                 median     2.69 us     197 GB/s
  bf16 m=1 (  2048,   128) default                median     1.68 us     314 GB/s
  bf16 m=2 (  2048,   128) cublas                 median     2.67 us     199 GB/s
  bf16 m=2 (  2048,   128) default                median     2.47 us     216 GB/s
  bf16 m=4 (  2048,   128) cublas                 median     2.68 us     202 GB/s
  bf16 m=4 (  2048,   128) default                median     3.13 us     173 GB/s
  bf16 m=8 (  2048,   128) cublas                 median     2.68 us     208 GB/s
  bf16 m=8 (  2048,   128) default                median     5.44 us     103 GB/s
  bf16 m=1 (  2048,  4096) cublas                 median     7.59 us    2211 GB/s
  bf16 m=1 (  2048,  4096) default                median     4.14 us    4057 GB/s
  bf16 m=2 (  2048,  4096) cublas                 median     7.54 us    2230 GB/s
  bf16 m=2 (  2048,  4096) default                median     9.28 us    1811 GB/s
  bf16 m=4 (  2048,  4096) cublas                 median     7.44 us    2261 GB/s
  bf16 m=4 (  2048,  4096) default                median    14.43 us    1166 GB/s
  bf16 m=8 (  2048,  4096) cublas                 median     7.62 us    2214 GB/s
  bf16 m=8 (  2048,  4096) default                median    26.15 us     645 GB/s
  bf16 m=1 (  3072,  4096) cublas                 median    10.28 us    2450 GB/s
  bf16 m=1 (  3072,  4096) default                median     5.57 us    4519 GB/s
  bf16 m=2 (  3072,  4096) cublas                 median     9.88 us    2549 GB/s
  bf16 m=2 (  3072,  4096) default                median     9.55 us    2639 GB/s
  bf16 m=4 (  3072,  4096) cublas                 median    10.19 us    2475 GB/s
  bf16 m=4 (  3072,  4096) default                median    12.89 us    1956 GB/s
  bf16 m=8 (  3072,  4096) cublas                 median     9.25 us    2732 GB/s
  bf16 m=8 (  3072,  4096) default                median    22.35 us    1131 GB/s
  fp8  m=1 (  3072,  4096) cublas                 median    10.00 us    1260 GB/s
  fp8  m=1 (  3072,  4096) default                median     7.15 us    1763 GB/s
  fp8  m=1 (  3072,  4096) pin0:4,2048,2          median     7.11 us    1772 GB/s
  fp8  m=1 (  3072,  4096) pin1:8,2048,4          median     7.16 us    1759 GB/s
  fp8  m=1 (  3072,  4096) pin2:4,2048,4          median     7.14 us    1764 GB/s
  fp8  m=2 (  3072,  4096) cublas                 median    10.54 us    1197 GB/s
  fp8  m=2 (  3072,  4096) default                median     8.81 us    1432 GB/s
  fp8  m=2 (  3072,  4096) pin0:4,2048,2          median     8.71 us    1448 GB/s
  fp8  m=2 (  3072,  4096) pin1:8,2048,4          median     8.85 us    1426 GB/s
  fp8  m=2 (  3072,  4096) pin2:4,4096,4          median     9.10 us    1386 GB/s
  fp8  m=4 (  3072,  4096) cublas                 median     9.50 us    1331 GB/s
  fp8  m=4 (  3072,  4096) default                median    16.14 us     783 GB/s
  fp8  m=4 (  3072,  4096) pin0:8,2048,4          median    12.50 us    1012 GB/s
  fp8  m=4 (  3072,  4096) pin1:4,4096,4          median    14.01 us     903 GB/s
  fp8  m=4 (  3072,  4096) pin2:8,2048,2          median    14.32 us     883 GB/s
  fp8  m=8 (  3072,  4096) cublas                 median     9.52 us    1334 GB/s
  fp8  m=8 (  3072,  4096) default                median    28.38 us     447 GB/s
  fp8  m=8 (  3072,  4096) pin0:4,1024,2          median    20.33 us     625 GB/s
  fp8  m=8 (  3072,  4096) pin1:4,2048,4          median    20.47 us     621 GB/s
  fp8  m=8 (  3072,  4096) pin2:8,4096,8          median    22.25 us     571 GB/s
  fp8  m=1 (  4096,   512) cublas                 median     3.45 us     611 GB/s
  fp8  m=1 (  4096,   512) default                median     2.80 us     751 GB/s
  fp8  m=1 (  4096,   512) pin0:8,512,2           median     2.79 us     756 GB/s
  fp8  m=1 (  4096,   512) pin1:4,512,2           median     2.85 us     740 GB/s
  fp8  m=1 (  4096,   512) pin2:8,512,4           median     3.00 us     703 GB/s
  fp8  m=2 (  4096,   512) cublas                 median     3.45 us     613 GB/s
  fp8  m=2 (  4096,   512) default                median     3.56 us     594 GB/s
  fp8  m=2 (  4096,   512) pin0:4,512,2           median     3.34 us     633 GB/s
  fp8  m=2 (  4096,   512) pin1:8,512,2           median     3.54 us     598 GB/s
  fp8  m=2 (  4096,   512) pin2:8,512,4           median     3.79 us     559 GB/s
  fp8  m=4 (  4096,   512) cublas                 median     3.41 us     625 GB/s
  fp8  m=4 (  4096,   512) default                median     4.12 us     518 GB/s
  fp8  m=4 (  4096,   512) pin0:8,512,2           median     4.08 us     523 GB/s
  fp8  m=4 (  4096,   512) pin1:4,512,2           median     4.44 us     481 GB/s
  fp8  m=4 (  4096,   512) pin2:2,512,2           median     5.01 us     426 GB/s
  fp8  m=8 (  4096,   512) cublas                 median     3.40 us     639 GB/s
  fp8  m=8 (  4096,   512) default                median     5.99 us     363 GB/s
  fp8  m=8 (  4096,   512) pin0:8,512,2           median     5.94 us     366 GB/s
  fp8  m=8 (  4096,   512) pin1:4,512,2           median     6.13 us     354 GB/s
  fp8  m=8 (  4096,   512) pin2:2,512,2           median     7.22 us     301 GB/s
  bf16 m=1 (  4096,  1536) cublas                 median     5.00 us    2520 GB/s
  bf16 m=1 (  4096,  1536) default                median     3.82 us    3300 GB/s
  bf16 m=2 (  4096,  1536) cublas                 median     4.98 us    2531 GB/s
  bf16 m=2 (  4096,  1536) default                median     6.81 us    1852 GB/s
  bf16 m=4 (  4096,  1536) cublas                 median     4.92 us    2566 GB/s
  bf16 m=4 (  4096,  1536) default                median     9.40 us    1343 GB/s
  bf16 m=8 (  4096,  1536) cublas                 median     4.90 us    2586 GB/s
  bf16 m=8 (  4096,  1536) default                median    13.89 us     912 GB/s
  fp8  m=1 (  4096,  1536) cublas                 median     4.98 us    1266 GB/s
  fp8  m=1 (  4096,  1536) default                median     5.01 us    1258 GB/s
  fp8  m=1 (  4096,  1536) pin0:4,2048,2          median     4.99 us    1265 GB/s
  fp8  m=1 (  4096,  1536) pin1:4,512,2           median     5.21 us    1209 GB/s
  fp8  m=1 (  4096,  1536) pin2:4,1024,2          median     5.43 us    1161 GB/s
  fp8  m=2 (  4096,  1536) cublas                 median     4.93 us    1280 GB/s
  fp8  m=2 (  4096,  1536) default                median     7.04 us     897 GB/s
  fp8  m=2 (  4096,  1536) pin0:8,2048,2          median     6.62 us     954 GB/s
  fp8  m=2 (  4096,  1536) pin1:4,512,2           median     6.62 us     954 GB/s
  fp8  m=2 (  4096,  1536) pin2:4,1024,2          median     6.77 us     933 GB/s
  fp8  m=4 (  4096,  1536) cublas                 median     4.87 us    1302 GB/s
  fp8  m=4 (  4096,  1536) default                median     8.96 us     707 GB/s
  fp8  m=4 (  4096,  1536) pin0:8,2048,2          median     8.75 us     724 GB/s
  fp8  m=4 (  4096,  1536) pin1:4,2048,2          median     8.93 us     710 GB/s
  fp8  m=4 (  4096,  1536) pin2:8,2048,4          median     8.98 us     706 GB/s
  fp8  m=8 (  4096,  1536) cublas                 median     4.91 us    1301 GB/s
  fp8  m=8 (  4096,  1536) default                median    15.49 us     412 GB/s
  fp8  m=8 (  4096,  1536) pin0:8,2048,4          median    13.70 us     466 GB/s
  fp8  m=8 (  4096,  1536) pin1:4,2048,4          median    13.95 us     457 GB/s
  fp8  m=8 (  4096,  1536) pin2:8,1024,2          median    14.16 us     451 GB/s
  bf16 m=1 (  4096,  2048) cublas                 median     5.85 us    2869 GB/s
  bf16 m=1 (  4096,  2048) default                median     4.10 us    4090 GB/s
  bf16 m=2 (  4096,  2048) cublas                 median     5.71 us    2941 GB/s
  bf16 m=2 (  4096,  2048) default                median     7.37 us    2281 GB/s
  bf16 m=4 (  4096,  2048) cublas                 median     5.66 us    2972 GB/s
  bf16 m=4 (  4096,  2048) default                median     9.93 us    1694 GB/s
  bf16 m=8 (  4096,  2048) cublas                 median     5.64 us    2990 GB/s
  bf16 m=8 (  4096,  2048) default                median    14.45 us    1168 GB/s
  bf16 m=1 (  4096,  3072) cublas                 median     7.81 us    3222 GB/s
  bf16 m=1 (  4096,  3072) default                median     5.98 us    4210 GB/s
  bf16 m=2 (  4096,  3072) cublas                 median     7.27 us    3467 GB/s
  bf16 m=2 (  4096,  3072) default                median    11.29 us    2232 GB/s
  bf16 m=4 (  4096,  3072) cublas                 median     7.22 us    3494 GB/s
  bf16 m=4 (  4096,  3072) default                median    15.23 us    1657 GB/s
  bf16 m=8 (  4096,  3072) cublas                 median     7.24 us    3492 GB/s
  bf16 m=8 (  4096,  3072) default                median    25.06 us    1009 GB/s
  fp8  m=1 (  4096,  3072) cublas                 median     7.29 us    1729 GB/s
  fp8  m=1 (  4096,  3072) default                median     7.34 us    1716 GB/s
  fp8  m=1 (  4096,  3072) pin0:4,1024,2          median     7.28 us    1730 GB/s
  fp8  m=1 (  4096,  3072) pin1:8,1024,4          median     7.67 us    1643 GB/s
  fp8  m=1 (  4096,  3072) pin2:2,1024,2          median     7.85 us    1605 GB/s
  fp8  m=2 (  4096,  3072) cublas                 median     7.24 us    1743 GB/s
  fp8  m=2 (  4096,  3072) default                median     9.51 us    1326 GB/s
  fp8  m=2 (  4096,  3072) pin0:4,1024,2          median     9.46 us    1334 GB/s
  fp8  m=2 (  4096,  3072) pin1:8,1024,2          median     9.77 us    1291 GB/s
  fp8  m=2 (  4096,  3072) pin2:8,1024,4          median    10.20 us    1237 GB/s
  fp8  m=4 (  4096,  3072) cublas                 median     7.20 us    1756 GB/s
  fp8  m=4 (  4096,  3072) default                median    14.04 us     901 GB/s
  fp8  m=4 (  4096,  3072) pin0:8,1024,2          median    13.06 us     968 GB/s
  fp8  m=4 (  4096,  3072) pin1:4,1024,2          median    14.01 us     902 GB/s
  fp8  m=4 (  4096,  3072) pin2:8,1024,4          median    14.89 us     849 GB/s
  fp8  m=8 (  4096,  3072) cublas                 median     7.25 us    1752 GB/s
  fp8  m=8 (  4096,  3072) default                median    21.19 us     599 GB/s
  fp8  m=8 (  4096,  3072) pin0:8,1024,2          median    20.51 us     619 GB/s
  fp8  m=8 (  4096,  3072) pin1:4,1024,2          median    21.04 us     604 GB/s
  fp8  m=8 (  4096,  3072) pin2:8,2048,4          median    25.63 us     496 GB/s
  fp8  m=1 (  4096,  4096) cublas                 median    11.53 us    1456 GB/s
  fp8  m=1 (  4096,  4096) default                median     8.68 us    1934 GB/s
  fp8  m=1 (  4096,  4096) pin0:4,2048,2          median     8.60 us    1953 GB/s
  fp8  m=1 (  4096,  4096) pin1:4,4096,4          median     8.84 us    1901 GB/s
  fp8  m=1 (  4096,  4096) pin2:4,1024,2          median     9.22 us    1821 GB/s
  fp8  m=2 (  4096,  4096) cublas                 median    11.48 us    1465 GB/s
  fp8  m=2 (  4096,  4096) default                median    12.95 us    1298 GB/s
  fp8  m=2 (  4096,  4096) pin0:4,4096,4          median    11.67 us    1440 GB/s
  fp8  m=2 (  4096,  4096) pin1:8,2048,2          median    11.76 us    1430 GB/s
  fp8  m=2 (  4096,  4096) pin2:4,2048,4          median    11.86 us    1417 GB/s
  fp8  m=4 (  4096,  4096) cublas                 median    10.96 us    1537 GB/s
  fp8  m=4 (  4096,  4096) default                median    16.62 us    1014 GB/s
  fp8  m=4 (  4096,  4096) pin0:8,2048,2          median    16.08 us    1048 GB/s
  fp8  m=4 (  4096,  4096) pin1:8,4096,4          median    16.15 us    1043 GB/s
  fp8  m=4 (  4096,  4096) pin2:4,2048,2          median    16.49 us    1022 GB/s
  fp8  m=8 (  4096,  4096) cublas                 median    10.10 us    1674 GB/s
  fp8  m=8 (  4096,  4096) default                median    28.96 us     584 GB/s
  fp8  m=8 (  4096,  4096) pin0:8,2048,4          median    26.39 us     641 GB/s
  fp8  m=8 (  4096,  4096) pin1:8,1024,2          median    26.73 us     633 GB/s
  fp8  m=8 (  4096,  4096) pin2:4,2048,4          median    26.65 us     635 GB/s
  bf16 m=1 (  6144,  4096) cublas                 median    18.12 us    2780 GB/s
  bf16 m=1 (  6144,  4096) default                median    15.60 us    3227 GB/s
  bf16 m=2 (  6144,  4096) cublas                 median    17.56 us    2869 GB/s
  bf16 m=2 (  6144,  4096) default                median    19.90 us    2532 GB/s
  bf16 m=4 (  6144,  4096) cublas                 median    17.85 us    2824 GB/s
  bf16 m=4 (  6144,  4096) default                median    27.32 us    1845 GB/s
  bf16 m=8 (  6144,  4096) cublas                 median    17.57 us    2874 GB/s
  bf16 m=8 (  6144,  4096) default                median    46.18 us    1093 GB/s
  bf16 m=1 (  8192,   512) cublas                 median     4.12 us    2038 GB/s
  bf16 m=1 (  8192,   512) default                median     3.08 us    2731 GB/s
  bf16 m=2 (  8192,   512) cublas                 median     4.31 us    1956 GB/s
  bf16 m=2 (  8192,   512) default                median     6.06 us    1389 GB/s
  bf16 m=4 (  8192,   512) cublas                 median     3.97 us    2133 GB/s
  bf16 m=4 (  8192,   512) default                median     8.95 us     945 GB/s
  bf16 m=8 (  8192,   512) cublas                 median     3.73 us    2285 GB/s
  bf16 m=8 (  8192,   512) default                median    14.64 us     583 GB/s
  bf16 m=1 ( 38720,  4096) cublas                 median   104.57 us    3034 GB/s
  bf16 m=1 ( 38720,  4096) default                median    89.74 us    3536 GB/s
  bf16 m=2 ( 38720,  4096) cublas                 median   102.83 us    3086 GB/s
  bf16 m=2 ( 38720,  4096) default                median   124.90 us    2541 GB/s
  bf16 m=4 ( 38720,  4096) cublas                 median    94.88 us    3347 GB/s
  bf16 m=4 ( 38720,  4096) default                median   171.53 us    1851 GB/s
  bf16 m=8 ( 38720,  4096) cublas                 median    94.10 us    3378 GB/s
  bf16 m=8 ( 38720,  4096) default                median   278.49 us    1141 GB/s
[confirm done in 9s; 260 rows -> /ws/m8_confirm_results.json]
