=== node: nid002920  date: 2026-08-31T18:46:27Z ===
GPU[0]		: Card Series: 		Aqua Vanjaram [Instinct MI300A]
GPU[0]		: Card Model: 		0x74a0
GPU[0]		: Card Vendor: 		Advanced Micro Devices, Inc. [AMD/ATI]
=== lock perf level high ===
(setperflevel not permitted; continuing)
GPU[0]		: mclk clock level: 3: (1300Mhz)
GPU[0]		: sclk clock level: S: (96Mhz)
GPU[1]		: mclk clock level: 3: (1300Mhz)
GPU[1]		: sclk clock level: S: (96Mhz)
=== configure (HIP, gfx942, Release, benchmarks ON) ===
-- Configuring done (0.6s)
-- Generating done (9.0s)
-- Build files have been written to: /users/xyao/vkernels-git/build_topk
=== build (test_dsa_topk_correct + dsa_topk_logits_bench) ===
[ 92%] Built target vkernels
[100%] Built target test_dsa_topk_correct
[ 95%] Built target vkernels
[100%] Built target dsa_topk_logits_bench

############ 1. CORRECTNESS (test_dsa_topk_correct) ############
GPU: AMD Instinct MI300A (arch=gfx942:sramecc+:xnack-)
  bs=1  H=32 D=128 B=64 mt=8  nb=8  split=1 v=auto out[a=0.1250 r=0.000024]  PASS
  bs=1  H=32 D=128 B=64 mt=16 nb=16 split=1 v=auto out[a=0.1250 r=0.000189]  PASS
  bs=2  H=32 D=128 B=64 mt=8  nb=8  split=1 v=auto out[a=0.1875 r=0.000057]  PASS
  bs=1  H=32 D=128 B=64 mt=8  nb=8  split=2 v=auto out[a=0.1250 r=0.000024]  PASS
  bs=1  H=64 D=128 B=64 mt=8  nb=8  split=1 v=auto out[a=0.2188 r=0.000072]  PASS
  bs=1  H=64 D=128 B=64 mt=16 nb=16 split=1 v=auto out[a=0.2188 r=0.000191]  PASS
  bs=2  H=64 D=128 B=64 mt=8  nb=8  split=1 v=auto out[a=0.2500 r=0.000072]  PASS
  bs=1  H=64 D=128 B=64 mt=8  nb=8  split=2 v=auto out[a=0.2188 r=0.000072]  PASS
  bs=1  H=128 D=128 B=64 mt=8  nb=8  split=1 v=auto out[a=0.3125 r=0.000055]  PASS
  bs=1  H=4  D=16  B=8  mt=32 nb=32 split=1 v=auto out[a=0.0020 r=0.000001]  PASS
  bs=1  H=2  D=8   B=4  mt=16 nb=16 split=1 v=auto out[a=0.0020 r=0.000000]  PASS
  bs=1  H=1  D=2   B=2  mt=4  nb=4  split=1 v=auto out[a=0.0000 r=0.000000]  PASS
  bs=1  H=32 D=128 B=64 mt=8  nb=8  split=1 v=fp32 out[a=0.0625 r=0.000011]  PASS
  bs=1  H=32 D=128 B=64 mt=8  nb=8  split=1 v=fp8q out[a=0.0625 r=0.000037]  PASS
  bs=1  H=32 D=128 B=64 mt=8  nb=8  split=1 v=mfma out[a=0.1250 r=0.000031]  PASS

PASS (0 failure(s))

############ 2. BENCHMARK (dsa_topk_logits_bench) ############
GPU: AMD Instinct MI300A (arch=gfx942)  228 CUs,  roof 1307 TFLOP/s bf16, 5300 GB/s HBM3, ridge ~247 FLOP/B

=== hip::dsa_topk_logits (GLM-5.3 indexer) ===
    bs    H ms_len    B   mt   nb  split   us(min)   us(med)      GB/s    AI  %bw  bound
     1   32     512   64    8    8      1     262.6     264.1       0.3  57.2  0.0  mem
     1   32    1024   64   16   16      1     360.6     362.9       0.4  58.9  0.0  mem
     1   32    2048   64   32   32      1     531.0     535.2       0.5  59.8  0.0  mem
     1   32    4096   64   64   64      1     887.8     893.1       0.6  60.2  0.0  mem
     2   32     512   64    8    8      1     262.2     264.0       0.6  57.2  0.0  mem
     4   32     512   64    8    8      1     271.1     272.5       1.1  57.2  0.0  mem
     8   32     512   64    8    8      1     270.2     272.4       2.2  57.2  0.0  mem
    16   32     512   64    8    8      1     268.3     270.1       4.4  57.2  0.1  mem
    32   32     512   64    8    8      1     269.0     270.0       8.8  57.2  0.2  mem
    64   32     512   64    8    8      1     268.6     270.1      17.5  57.2  0.3  mem
     1   64     512   64    8    8      1     305.6     307.7       0.3 108.2  0.0  mem
     1   64    1024   64   16   16      1     434.5     438.5       0.3 114.4  0.0  mem
     1   64    4096   64   64   64      1    1220.9    1253.8       0.5 119.6  0.0  mem
     1   32     128   64    2    2      1     194.4     196.6       0.1  48.8  0.0  mem
  Roof: 1307 TFLOP/s bf16 (Matrix-Core), 5300 GB/s HBM3.
  NB: the working set (68-560 KB for these shapes) is L2-resident
      after warmup, so the kernel is NOT HBM-bandwidth-bound -- the
      binding constraint at decode (bs=1, split=1) is OCCUPANCY: the
      grid is ONE wavefront (one of MI300A's 228 CUs). split_kv
      (below) distributes the page range across more CUs and gives
      near-linear speedup; batch scaling is free parallelism up to
      ~228 batches. The follow-on tiled-key/MFMA the kernel's
      docstring references raises occupancy AND moves toward the
      compute roof.

=== split_kv sweep (bs=1 H=32 D=128 B=64 mt=64 nb=64, max_seq_len=4096, 228 CUs) ===
  dsa_topk_logits_split_for(1, 4096, 64) = 64  (recommended)
   split   us(min)   us(med)      GB/s   speedup
       1     886.8     896.3       0.6      1.0x
       2     531.1     535.7       1.0      1.7x
       4     363.4     366.5       1.5      2.4x
       8     270.7     272.0       2.1      3.3x
      16     224.5     225.6       2.5      4.0x
      32     201.7     202.2       2.8      4.4x
      64     189.3     190.2       3.0      4.7x
  (split_kv is perf-only and grouping-independent -- the
        reference logit is identical across splits; see
        test_dsa_topk_correct.hip case split=2. Max split
        here is ceildiv(max_seq_len,B)=64. The integrator
        should set split_kv = min(ceildiv(max_seq_len,B),
        CUs/batch_size) -- see dsa.hpp::dsa_topk_logits_split_for.)

=== hip::dsa_topk_logits variant comparison (bs=1 H=32 D=128 B=64 max_seq_len=512, 228 CUs) ===
     var   us(min)   us(med)   vs fp32
    auto     262.0     264.2     1.00x
    fp32    2713.5    2716.9     1.00x
    fp8q    4240.7    4244.6     0.64x
    mfma     262.7     264.5    10.27x
  (auto dispatches mfma here -- the SMALLEST-variant + Matrix-Core path.
   fp32-Q stages Q as fp32 once (49,536 B),
   fp8-Q stages Q raw + dequants on the fly (41,472 B),
   mfma   stages Q transposed bf16 once + bf16 K-tile (16,768 B).
   See dsa.hpp::dsa_topk_logits_fits_lds{,_fp8q,_mfma}.)

===== DONE =====

